Analyzing market_hub_new...                                     

  error - The name 'Color' isn't a class - lib\core\services\firebase_messaging_service.dart:147:34 - creation_with_non_type
  error - The name 'Color' isn't a class - lib\core\services\firebase_messaging_service.dart:148:28 - creation_with_non_type
   info - 'withOpacity' is deprecated and shouldn't be used. Use .withValues() to avoid precision loss - lib\core\theme\app_theme.dart:194:52 - deprecated_member_use
   info - 'withOpacity' is deprecated and shouldn't be used. Use .withValues() to avoid precision loss - lib\core\utils\toast_helper.dart:46:40 - deprecated_member_use
warning - The '!' will have no effect because the receiver can't be null - lib\data\models\content\news_model.dart:93:43 - unnecessary_non_null_assertion
warning - The '!' will have no effect because the receiver can't be null - lib\data\models\content\news_model.dart:93:75 - unnecessary_non_null_assertion
   info - 'withOpacity' is deprecated and shouldn't be used. Use .withValues() to avoid precision loss - lib\features\alerts\pages\event_detail\ui\event_detail_page.dart:67:31 - deprecated_member_use
   info - 'withOpacity' is deprecated and shouldn't be used. Use .withValues() to avoid precision loss - lib\features\alerts\pages\event_detail\ui\event_detail_page.dart:68:31 - deprecated_member_use
   info - 'withOpacity' is deprecated and shouldn't be used. Use .withValues() to avoid precision loss - lib\features\alerts\pages\event_detail\ui\event_detail_page.dart:87:45 - deprecated_member_use
   info - 'withOpacity' is deprecated and shouldn't be used. Use .withValues() to avoid precision loss - lib\features\alerts\pages\event_detail\ui\event_detail_page.dart:161:34 - deprecated_member_use
   info - 'withOpacity' is deprecated and shouldn't be used. Use .withValues() to avoid precision loss - lib\features\alerts\pages\event_detail\ui\event_detail_page.dart:286:41 - deprecated_member_use
   info - 'withOpacity' is deprecated and shouldn't be used. Use .withValues() to avoid precision loss - lib\features\alerts\pages\event_detail\ui\event_detail_page.dart:340:43 - deprecated_member_use
   info - 'withOpacity' is deprecated and shouldn't be used. Use .withValues() to avoid precision loss - lib\features\alerts\pages\event_detail\ui\event_detail_page.dart:343:45 - deprecated_member_use
   info - 'withOpacity' is deprecated and shouldn't be used. Use .withValues() to avoid precision loss - lib\features\alerts\pages\event_detail\ui\event_detail_page.dart:386:33 - deprecated_member_use
   info - 'withOpacity' is deprecated and shouldn't be used. Use .withValues() to avoid precision loss - lib\features\alerts\pages\news_detail\ui\news_detail_page.dart:77:45 - deprecated_member_use
   info - 'withOpacity' is deprecated and shouldn't be used. Use .withValues() to avoid precision loss - lib\features\alerts\pages\news_detail\ui\news_detail_page.dart:87:53 - deprecated_member_use
   info - 'withOpacity' is deprecated and shouldn't be used. Use .withValues() to avoid precision loss - lib\features\alerts\pages\news_detail\ui\news_detail_page.dart:110:43 - deprecated_member_use
   info - 'withOpacity' is deprecated and shouldn't be used. Use .withValues() to avoid precision loss - lib\features\alerts\pages\news_detail\ui\news_detail_page.dart:116:45 - deprecated_member_use
   info - 'withOpacity' is deprecated and shouldn't be used. Use .withValues() to avoid precision loss - lib\features\alerts\pages\news_detail\ui\news_detail_page.dart:137:55 - deprecated_member_use
   info - 'withOpacity' is deprecated and shouldn't be used. Use .withValues() to avoid precision loss - lib\features\alerts\pages\news_detail\ui\news_detail_page.dart:187:63 - deprecated_member_use
   info - 'withOpacity' is deprecated and shouldn't be used. Use .withValues() to avoid precision loss - lib\features\alerts\pages\news_detail\ui\news_detail_page.dart:316:51 - deprecated_member_use
   info - 'withOpacity' is deprecated and shouldn't be used. Use .withValues() to avoid precision loss - lib\features\alerts\pages\news_detail\ui\news_detail_page.dart:329:63 - deprecated_member_use
   info - 'withOpacity' is deprecated and shouldn't be used. Use .withValues() to avoid precision loss - lib\features\alerts\pages\news_detail\ui\news_detail_page.dart:337:57 - deprecated_member_use
   info - 'withOpacity' is deprecated and shouldn't be used. Use .withValues() to avoid precision loss - lib\features\alerts\pages\news_detail\ui\news_detail_page.dart:378:33 - deprecated_member_use
   info - 'withOpacity' is deprecated and shouldn't be used. Use .withValues() to avoid precision loss - lib\features\alerts\pages\price_alerts_page.dart:64:82 - deprecated_member_use
   info - 'withOpacity' is deprecated and shouldn't be used. Use .withValues() to avoid precision loss - lib\features\alerts\pages\price_alerts_page.dart:81:60 - deprecated_member_use
   info - 'withOpacity' is deprecated and shouldn't be used. Use .withValues() to avoid precision loss - lib\features\alerts\pages\price_alerts_page.dart:85:33 - deprecated_member_use
   info - 'withOpacity' is deprecated and shouldn't be used. Use .withValues() to avoid precision loss - lib\features\alerts\pages\price_alerts_page.dart:102:56 - deprecated_member_use
   info - 'withOpacity' is deprecated and shouldn't be used. Use .withValues() to avoid precision loss - lib\features\alerts\pages\price_alerts_page.dart:103:54 - deprecated_member_use
   info - 'withOpacity' is deprecated and shouldn't be used. Use .withValues() to avoid precision loss - lib\features\alerts\ui\alerts_screen.dart:65:50 - deprecated_member_use
   info - 'withOpacity' is deprecated and shouldn't be used. Use .withValues() to avoid precision loss - lib\features\alerts\ui\alerts_screen.dart:70:57 - deprecated_member_use
   info - 'withOpacity' is deprecated and shouldn't be used. Use .withValues() to avoid precision loss - lib\features\alerts\ui\alerts_screen.dart:235:53 - deprecated_member_use
   info - 'withOpacity' is deprecated and shouldn't be used. Use .withValues() to avoid precision loss - lib\features\alerts\ui\alerts_screen.dart:248:55 - deprecated_member_use
warning - The declaration '_buildLoadMoreButton' isn't referenced - lib\features\alerts\ui\alerts_screen.dart:270:10 - unused_element
warning - The declaration '_buildLiveFeedCard' isn't referenced - lib\features\alerts\ui\alerts_screen.dart:317:10 - unused_element
   info - 'withOpacity' is deprecated and shouldn't be used. Use .withValues() to avoid precision loss - lib\features\alerts\ui\alerts_screen.dart:352:68 - deprecated_member_use
   info - 'withOpacity' is deprecated and shouldn't be used. Use .withValues() to avoid precision loss - lib\features\alerts\ui\alerts_screen.dart:356:41 - deprecated_member_use
   info - 'withOpacity' is deprecated and shouldn't be used. Use .withValues() to avoid precision loss - lib\features\alerts\ui\alerts_screen.dart:427:35 - deprecated_member_use
   info - 'withOpacity' is deprecated and shouldn't be used. Use .withValues() to avoid precision loss - lib\features\alerts\ui\alerts_screen.dart:441:51 - deprecated_member_use
   info - 'withOpacity' is deprecated and shouldn't be used. Use .withValues() to avoid precision loss - lib\features\alerts\ui\alerts_screen.dart:456:65 - deprecated_member_use
   info - 'withOpacity' is deprecated and shouldn't be used. Use .withValues() to avoid precision loss - lib\features\alerts\ui\alerts_screen.dart:478:59 - deprecated_member_use
   info - 'withOpacity' is deprecated and shouldn't be used. Use .withValues() to avoid precision loss - lib\features\alerts\ui\alerts_screen.dart:493:65 - deprecated_member_use
   info - 'withOpacity' is deprecated and shouldn't be used. Use .withValues() to avoid precision loss - lib\features\alerts\ui\alerts_screen.dart:588:35 - deprecated_member_use
   info - 'withOpacity' is deprecated and shouldn't be used. Use .withValues() to avoid precision loss - lib\features\alerts\ui\alerts_screen.dart:600:35 - deprecated_member_use
warning - The declaration '_buildEconomicEventCard' isn't referenced - lib\features\alerts\ui\alerts_screen.dart:659:10 - unused_element
   info - 'withOpacity' is deprecated and shouldn't be used. Use .withValues() to avoid precision loss - lib\features\alerts\ui\alerts_screen.dart:673:48 - deprecated_member_use
   info - 'withOpacity' is deprecated and shouldn't be used. Use .withValues() to avoid precision loss - lib\features\alerts\ui\alerts_screen.dart:678:35 - deprecated_member_use
   info - 'withOpacity' is deprecated and shouldn't be used. Use .withValues() to avoid precision loss - lib\features\alerts\ui\alerts_screen.dart:692:50 - deprecated_member_use
   info - 'withOpacity' is deprecated and shouldn't be used. Use .withValues() to avoid precision loss - lib\features\alerts\ui\alerts_screen.dart:727:85 - deprecated_member_use
warning - The operand can't be 'null', so the condition is always 'true' - lib\features\auth\email_verification\controller\email_verification_controller.dart:113:41 - unnecessary_null_comparison
warning - The operand can't be 'null', so the condition is always 'true' - lib\features\auth\email_verification\controller\email_verification_controller.dart:165:41 - unnecessary_null_comparison
   info - 'withOpacity' is deprecated and shouldn't be used. Use .withValues() to avoid precision loss - lib\features\auth\email_verification\ui\email_verification_screen.dart:37:54 - deprecated_member_use
  error - The named parameter 'duration' isn't defined - lib\features\auth\forgot_pin\controller\forgot_pin_controller.dart:74:54 - undefined_named_parameter
   info - 'withOpacity' is deprecated and shouldn't be used. Use .withValues() to avoid precision loss - lib\features\auth\login\ui\login_screen.dart:33:60 - deprecated_member_use
   info - 'withOpacity' is deprecated and shouldn't be used. Use .withValues() to avoid precision loss - lib\features\auth\pending_approval\ui\pending_approval_screen.dart:26:54 - deprecated_member_use
   info - 'withOpacity' is deprecated and shouldn't be used. Use .withValues() to avoid precision loss - lib\features\auth\pending_approval\ui\pending_approval_screen.dart:62:43 - deprecated_member_use
   info - 'withOpacity' is deprecated and shouldn't be used. Use .withValues() to avoid precision loss - lib\features\auth\pin_setup\ui\pin_setup_screen.dart:27:54 - deprecated_member_use
   info - 'withOpacity' is deprecated and shouldn't be used. Use .withValues() to avoid precision loss - lib\features\auth\plan_selection\ui\plan_selection_screen.dart:125:49 - deprecated_member_use
   info - 'withOpacity' is deprecated and shouldn't be used. Use .withValues() to avoid precision loss - lib\features\auth\plan_selection\ui\plan_selection_screen.dart:126:34 - deprecated_member_use
   info - 'withOpacity' is deprecated and shouldn't be used. Use .withValues() to avoid precision loss - lib\features\auth\plan_selection\ui\plan_selection_screen.dart:187:42 - deprecated_member_use
  error - The named parameter 'duration' isn't defined - lib\features\auth\registration\controller\registration_controller.dart:233:54 - undefined_named_parameter
   info - 'withOpacity' is deprecated and shouldn't be used. Use .withValues() to avoid precision loss - lib\features\forex\ui\forex_screen.dart:132:79 - deprecated_member_use
   info - 'withOpacity' is deprecated and shouldn't be used. Use .withValues() to avoid precision loss - lib\features\forex\ui\forex_screen.dart:139:50 - deprecated_member_use
   info - 'withOpacity' is deprecated and shouldn't be used. Use .withValues() to avoid precision loss - lib\features\forex\ui\forex_screen.dart:174:42 - deprecated_member_use
   info - 'withOpacity' is deprecated and shouldn't be used. Use .withValues() to avoid precision loss - lib\features\forex\ui\forex_screen.dart:175:40 - deprecated_member_use
   info - 'withOpacity' is deprecated and shouldn't be used. Use .withValues() to avoid precision loss - lib\features\forex\ui\forex_screen.dart:387:35 - deprecated_member_use
   info - 'withOpacity' is deprecated and shouldn't be used. Use .withValues() to avoid precision loss - lib\features\forex\ui\forex_screen.dart:461:41 - deprecated_member_use
   info - 'withOpacity' is deprecated and shouldn't be used. Use .withValues() to avoid precision loss - lib\features\forex\ui\forex_screen.dart:473:39 - deprecated_member_use
   info - 'withOpacity' is deprecated and shouldn't be used. Use .withValues() to avoid precision loss - lib\features\future\pages\china_shfe\ui\china_shfe_page.dart:57:48 - deprecated_member_use
   info - 'withOpacity' is deprecated and shouldn't be used. Use .withValues() to avoid precision loss - lib\features\future\pages\china_shfe\ui\china_shfe_page.dart:127:37 - deprecated_member_use
   info - 'withOpacity' is deprecated and shouldn't be used. Use .withValues() to avoid precision loss - lib\features\future\pages\china_shfe\ui\china_shfe_page.dart:140:39 - deprecated_member_use
   info - 'withOpacity' is deprecated and shouldn't be used. Use .withValues() to avoid precision loss - lib\features\future\pages\china_shfe\ui\china_shfe_page.dart:168:39 - deprecated_member_use
   info - 'withOpacity' is deprecated and shouldn't be used. Use .withValues() to avoid precision loss - lib\features\future\pages\china_shfe\ui\china_shfe_page.dart:182:35 - deprecated_member_use
   info - 'withOpacity' is deprecated and shouldn't be used. Use .withValues() to avoid precision loss - lib\features\future\pages\china_shfe\ui\china_shfe_page.dart:214:48 - deprecated_member_use
   info - 'withOpacity' is deprecated and shouldn't be used. Use .withValues() to avoid precision loss - lib\features\future\pages\china_shfe\ui\china_shfe_page.dart:241:35 - deprecated_member_use
   info - 'withOpacity' is deprecated and shouldn't be used. Use .withValues() to avoid precision loss - lib\features\future\pages\china_shfe\ui\china_shfe_page.dart:297:62 - deprecated_member_use
   info - 'withOpacity' is deprecated and shouldn't be used. Use .withValues() to avoid precision loss - lib\features\future\pages\china_shfe\ui\china_shfe_page.dart:410:50 - deprecated_member_use
   info - 'withOpacity' is deprecated and shouldn't be used. Use .withValues() to avoid precision loss - lib\features\future\pages\china_shfe\ui\china_shfe_page.dart:411:48 - deprecated_member_use
   info - 'withOpacity' is deprecated and shouldn't be used. Use .withValues() to avoid precision loss - lib\features\future\pages\china_shfe\ui\china_shfe_page.dart:470:62 - deprecated_member_use
   info - 'withOpacity' is deprecated and shouldn't be used. Use .withValues() to avoid precision loss - lib\features\future\pages\fx\ui\fx_page.dart:126:42 - deprecated_member_use
   info - 'withOpacity' is deprecated and shouldn't be used. Use .withValues() to avoid precision loss - lib\features\future\pages\fx\ui\fx_page.dart:139:39 - deprecated_member_use
   info - 'withOpacity' is deprecated and shouldn't be used. Use .withValues() to avoid precision loss - lib\features\future\pages\fx\ui\fx_page.dart:167:39 - deprecated_member_use
   info - 'withOpacity' is deprecated and shouldn't be used. Use .withValues() to avoid precision loss - lib\features\future\pages\fx\ui\fx_page.dart:181:35 - deprecated_member_use
   info - 'withOpacity' is deprecated and shouldn't be used. Use .withValues() to avoid precision loss - lib\features\future\pages\fx\ui\fx_page.dart:213:53 - deprecated_member_use
   info - 'withOpacity' is deprecated and shouldn't be used. Use .withValues() to avoid precision loss - lib\features\future\pages\fx\ui\fx_page.dart:240:35 - deprecated_member_use
   info - 'withOpacity' is deprecated and shouldn't be used. Use .withValues() to avoid precision loss - lib\features\future\pages\fx\ui\fx_page.dart:290:63 - deprecated_member_use
   info - 'withOpacity' is deprecated and shouldn't be used. Use .withValues() to avoid precision loss - lib\features\future\pages\fx\ui\fx_page.dart:329:59 - deprecated_member_use
   info - 'withOpacity' is deprecated and shouldn't be used. Use .withValues() to avoid precision loss - lib\features\future\pages\fx\ui\fx_page.dart:358:57 - deprecated_member_use
   info - 'withOpacity' is deprecated and shouldn't be used. Use .withValues() to avoid precision loss - lib\features\future\pages\fx\ui\fx_page.dart:463:50 - deprecated_member_use
   info - 'withOpacity' is deprecated and shouldn't be used. Use .withValues() to avoid precision loss - lib\features\future\pages\fx\ui\fx_page.dart:464:48 - deprecated_member_use
   info - 'withOpacity' is deprecated and shouldn't be used. Use .withValues() to avoid precision loss - lib\features\future\pages\fx\ui\fx_page.dart:520:72 - deprecated_member_use
   info - 'withOpacity' is deprecated and shouldn't be used. Use .withValues() to avoid precision loss - lib\features\future\pages\london_lme\ui\london_lme_page.dart:125:40 - deprecated_member_use
   info - 'withOpacity' is deprecated and shouldn't be used. Use .withValues() to avoid precision loss - lib\features\future\pages\london_lme\ui\london_lme_page.dart:138:39 - deprecated_member_use
   info - 'withOpacity' is deprecated and shouldn't be used. Use .withValues() to avoid precision loss - lib\features\future\pages\london_lme\ui\london_lme_page.dart:166:39 - deprecated_member_use
   info - 'withOpacity' is deprecated and shouldn't be used. Use .withValues() to avoid precision loss - lib\features\future\pages\london_lme\ui\london_lme_page.dart:180:35 - deprecated_member_use
   info - 'withOpacity' is deprecated and shouldn't be used. Use .withValues() to avoid precision loss - lib\features\future\pages\london_lme\ui\london_lme_page.dart:212:51 - deprecated_member_use
   info - 'withOpacity' is deprecated and shouldn't be used. Use .withValues() to avoid precision loss - lib\features\future\pages\london_lme\ui\london_lme_page.dart:238:48 - deprecated_member_use
   info - 'withOpacity' is deprecated and shouldn't be used. Use .withValues() to avoid precision loss - lib\features\future\pages\london_lme\ui\london_lme_page.dart:242:35 - deprecated_member_use
   info - 'withOpacity' is deprecated and shouldn't be used. Use .withValues() to avoid precision loss - lib\features\future\pages\london_lme\ui\london_lme_page.dart:298:67 - deprecated_member_use
   info - 'withOpacity' is deprecated and shouldn't be used. Use .withValues() to avoid precision loss - lib\features\future\pages\london_lme\ui\london_lme_page.dart:411:50 - deprecated_member_use
   info - 'withOpacity' is deprecated and shouldn't be used. Use .withValues() to avoid precision loss - lib\features\future\pages\london_lme\ui\london_lme_page.dart:412:48 - deprecated_member_use
   info - 'withOpacity' is deprecated and shouldn't be used. Use .withValues() to avoid precision loss - lib\features\future\pages\london_lme\ui\london_lme_page.dart:469:68 - deprecated_member_use
   info - Unnecessary braces in a string interpolation - lib\features\future\pages\reference_rate\controller\reference_rate_controller.dart:127:26 - unnecessary_brace_in_string_interps
   info - 'withOpacity' is deprecated and shouldn't be used. Use .withValues() to avoid precision loss - lib\features\future\pages\reference_rate\ui\reference_rate_page.dart:88:27 - deprecated_member_use
   info - 'withOpacity' is deprecated and shouldn't be used. Use .withValues() to avoid precision loss - lib\features\future\pages\reference_rate\ui\reference_rate_page.dart:101:39 - deprecated_member_use
   info - 'withOpacity' is deprecated and shouldn't be used. Use .withValues() to avoid precision loss - lib\features\future\pages\reference_rate\ui\reference_rate_page.dart:129:39 - deprecated_member_use
   info - 'withOpacity' is deprecated and shouldn't be used. Use .withValues() to avoid precision loss - lib\features\future\pages\reference_rate\ui\reference_rate_page.dart:143:35 - deprecated_member_use
   info - 'withOpacity' is deprecated and shouldn't be used. Use .withValues() to avoid precision loss - lib\features\future\pages\reference_rate\ui\reference_rate_page.dart:175:38 - deprecated_member_use
   info - 'withOpacity' is deprecated and shouldn't be used. Use .withValues() to avoid precision loss - lib\features\future\pages\reference_rate\ui\reference_rate_page.dart:198:33 - deprecated_member_use
   info - 'withOpacity' is deprecated and shouldn't be used. Use .withValues() to avoid precision loss - lib\features\future\pages\reference_rate\ui\reference_rate_page.dart:254:52 - deprecated_member_use
   info - 'withOpacity' is deprecated and shouldn't be used. Use .withValues() to avoid precision loss - lib\features\future\pages\reference_rate\ui\reference_rate_page.dart:363:50 - deprecated_member_use
   info - 'withOpacity' is deprecated and shouldn't be used. Use .withValues() to avoid precision loss - lib\features\future\pages\reference_rate\ui\reference_rate_page.dart:364:48 - deprecated_member_use
   info - 'withOpacity' is deprecated and shouldn't be used. Use .withValues() to avoid precision loss - lib\features\future\pages\settlement\ui\settlement_page.dart:58:48 - deprecated_member_use
   info - 'withOpacity' is deprecated and shouldn't be used. Use .withValues() to avoid precision loss - lib\features\future\pages\settlement\ui\settlement_page.dart:128:31 - deprecated_member_use
   info - 'withOpacity' is deprecated and shouldn't be used. Use .withValues() to avoid precision loss - lib\features\future\pages\settlement\ui\settlement_page.dart:141:39 - deprecated_member_use
   info - 'withOpacity' is deprecated and shouldn't be used. Use .withValues() to avoid precision loss - lib\features\future\pages\settlement\ui\settlement_page.dart:169:39 - deprecated_member_use
   info - 'withOpacity' is deprecated and shouldn't be used. Use .withValues() to avoid precision loss - lib\features\future\pages\settlement\ui\settlement_page.dart:183:35 - deprecated_member_use
   info - 'withOpacity' is deprecated and shouldn't be used. Use .withValues() to avoid precision loss - lib\features\future\pages\settlement\ui\settlement_page.dart:215:42 - deprecated_member_use
   info - 'withOpacity' is deprecated and shouldn't be used. Use .withValues() to avoid precision loss - lib\features\future\pages\settlement\ui\settlement_page.dart:239:33 - deprecated_member_use
   info - 'withOpacity' is deprecated and shouldn't be used. Use .withValues() to avoid precision loss - lib\features\future\pages\settlement\ui\settlement_page.dart:295:77 - deprecated_member_use
   info - 'withOpacity' is deprecated and shouldn't be used. Use .withValues() to avoid precision loss - lib\features\future\pages\settlement\ui\settlement_page.dart:442:50 - deprecated_member_use
   info - 'withOpacity' is deprecated and shouldn't be used. Use .withValues() to avoid precision loss - lib\features\future\pages\settlement\ui\settlement_page.dart:443:48 - deprecated_member_use
   info - 'withOpacity' is deprecated and shouldn't be used. Use .withValues() to avoid precision loss - lib\features\future\pages\settlement\ui\settlement_page.dart:522:50 - deprecated_member_use
   info - 'withOpacity' is deprecated and shouldn't be used. Use .withValues() to avoid precision loss - lib\features\future\pages\us_comex\ui\us_comex_page.dart:72:37 - deprecated_member_use
   info - 'withOpacity' is deprecated and shouldn't be used. Use .withValues() to avoid precision loss - lib\features\future\pages\us_comex\ui\us_comex_page.dart:85:39 - deprecated_member_use
   info - 'withOpacity' is deprecated and shouldn't be used. Use .withValues() to avoid precision loss - lib\features\future\pages\us_comex\ui\us_comex_page.dart:113:39 - deprecated_member_use
   info - 'withOpacity' is deprecated and shouldn't be used. Use .withValues() to avoid precision loss - lib\features\future\pages\us_comex\ui\us_comex_page.dart:127:35 - deprecated_member_use
   info - 'withOpacity' is deprecated and shouldn't be used. Use .withValues() to avoid precision loss - lib\features\future\pages\us_comex\ui\us_comex_page.dart:159:48 - deprecated_member_use
   info - 'withOpacity' is deprecated and shouldn't be used. Use .withValues() to avoid precision loss - lib\features\future\pages\us_comex\ui\us_comex_page.dart:186:35 - deprecated_member_use
   info - 'withOpacity' is deprecated and shouldn't be used. Use .withValues() to avoid precision loss - lib\features\future\pages\us_comex\ui\us_comex_page.dart:242:62 - deprecated_member_use
   info - 'withOpacity' is deprecated and shouldn't be used. Use .withValues() to avoid precision loss - lib\features\future\pages\us_comex\ui\us_comex_page.dart:355:50 - deprecated_member_use
   info - 'withOpacity' is deprecated and shouldn't be used. Use .withValues() to avoid precision loss - lib\features\future\pages\us_comex\ui\us_comex_page.dart:356:48 - deprecated_member_use
   info - 'withOpacity' is deprecated and shouldn't be used. Use .withValues() to avoid precision loss - lib\features\future\pages\us_comex\ui\us_comex_page.dart:412:62 - deprecated_member_use
   info - 'withOpacity' is deprecated and shouldn't be used. Use .withValues() to avoid precision loss - lib\features\future\pages\warehouse_stock\ui\warehouse_stock_page.dart:57:48 - deprecated_member_use
   info - 'withOpacity' is deprecated and shouldn't be used. Use .withValues() to avoid precision loss - lib\features\future\pages\warehouse_stock\ui\warehouse_stock_page.dart:127:31 - deprecated_member_use
   info - 'withOpacity' is deprecated and shouldn't be used. Use .withValues() to avoid precision loss - lib\features\future\pages\warehouse_stock\ui\warehouse_stock_page.dart:140:39 - deprecated_member_use
   info - 'withOpacity' is deprecated and shouldn't be used. Use .withValues() to avoid precision loss - lib\features\future\pages\warehouse_stock\ui\warehouse_stock_page.dart:168:39 - deprecated_member_use
   info - 'withOpacity' is deprecated and shouldn't be used. Use .withValues() to avoid precision loss - lib\features\future\pages\warehouse_stock\ui\warehouse_stock_page.dart:182:35 - deprecated_member_use
   info - 'withOpacity' is deprecated and shouldn't be used. Use .withValues() to avoid precision loss - lib\features\future\pages\warehouse_stock\ui\warehouse_stock_page.dart:214:42 - deprecated_member_use
   info - 'withOpacity' is deprecated and shouldn't be used. Use .withValues() to avoid precision loss - lib\features\future\pages\warehouse_stock\ui\warehouse_stock_page.dart:237:33 - deprecated_member_use
   info - 'withOpacity' is deprecated and shouldn't be used. Use .withValues() to avoid precision loss - lib\features\future\pages\warehouse_stock\ui\warehouse_stock_page.dart:373:50 - deprecated_member_use
   info - 'withOpacity' is deprecated and shouldn't be used. Use .withValues() to avoid precision loss - lib\features\future\pages\warehouse_stock\ui\warehouse_stock_page.dart:374:48 - deprecated_member_use
   info - 'withOpacity' is deprecated and shouldn't be used. Use .withValues() to avoid precision loss - lib\features\future\pages\warehouse_stock\ui\warehouse_stock_page.dart:430:50 - deprecated_member_use
warning - The declaration '_buildPriceCard' isn't referenced - lib\features\future\ui\future_screen.dart:125:10 - unused_element
   info - 'withOpacity' is deprecated and shouldn't be used. Use .withValues() to avoid precision loss - lib\features\future\ui\future_screen.dart:136:33 - deprecated_member_use
   info - 'withOpacity' is deprecated and shouldn't be used. Use .withValues() to avoid precision loss - lib\features\future\ui\future_screen.dart:150:53 - deprecated_member_use
   info - 'withOpacity' is deprecated and shouldn't be used. Use .withValues() to avoid precision loss - lib\features\future\ui\future_screen.dart:195:58 - deprecated_member_use
   info - 'withOpacity' is deprecated and shouldn't be used. Use .withValues() to avoid precision loss - lib\features\future\ui\future_screen.dart:196:56 - deprecated_member_use
warning - The declaration '_buildFxCard' isn't referenced - lib\features\future\ui\future_screen.dart:262:10 - unused_element
   info - 'withOpacity' is deprecated and shouldn't be used. Use .withValues() to avoid precision loss - lib\features\future\ui\future_screen.dart:273:33 - deprecated_member_use
   info - 'withOpacity' is deprecated and shouldn't be used. Use .withValues() to avoid precision loss - lib\features\future\ui\future_screen.dart:287:55 - deprecated_member_use
   info - 'withOpacity' is deprecated and shouldn't be used. Use .withValues() to avoid precision loss - lib\features\future\ui\future_screen.dart:316:58 - deprecated_member_use
   info - 'withOpacity' is deprecated and shouldn't be used. Use .withValues() to avoid precision loss - lib\features\future\ui\future_screen.dart:317:56 - deprecated_member_use
   info - 'withOpacity' is deprecated and shouldn't be used. Use .withValues() to avoid precision loss - lib\features\future\ui\future_screen.dart:342:59 - deprecated_member_use
   info - 'withOpacity' is deprecated and shouldn't be used. Use .withValues() to avoid precision loss - lib\features\future\ui\future_screen.dart:370:57 - deprecated_member_use
warning - The declaration '_buildReferenceCard' isn't referenced - lib\features\future\ui\future_screen.dart:401:10 - unused_element
   info - 'withOpacity' is deprecated and shouldn't be used. Use .withValues() to avoid precision loss - lib\features\future\ui\future_screen.dart:412:33 - deprecated_member_use
   info - 'withOpacity' is deprecated and shouldn't be used. Use .withValues() to avoid precision loss - lib\features\future\ui\future_screen.dart:424:36 - deprecated_member_use
warning - Unused import: '../../../core/network/api_client.dart' - lib\features\home\controller\home_controller.dart:4:8 - unused_import
warning - Unused import: '../../../core/constants/api_constants.dart' - lib\features\home\controller\home_controller.dart:6:8 - unused_import
warning - Unused import: '../../../core/theme/app_theme.dart' - lib\features\home\ui\all_updates_page.dart:3:8 - unused_import
warning - Duplicate import - lib\features\home\ui\all_updates_page.dart:7:8 - duplicate_import
   info - 'withOpacity' is deprecated and shouldn't be used. Use .withValues() to avoid precision loss - lib\features\home\ui\all_updates_page.dart:63:62 - deprecated_member_use
   info - 'withOpacity' is deprecated and shouldn't be used. Use .withValues() to avoid precision loss - lib\features\home\ui\all_updates_page.dart:67:33 - deprecated_member_use
   info - 'withOpacity' is deprecated and shouldn't be used. Use .withValues() to avoid precision loss - lib\features\home\ui\all_updates_page.dart:111:76 - deprecated_member_use
   info - 'withOpacity' is deprecated and shouldn't be used. Use .withValues() to avoid precision loss - lib\features\home\ui\home_screen.dart:209:69 - deprecated_member_use
   info - 'withOpacity' is deprecated and shouldn't be used. Use .withValues() to avoid precision loss - lib\features\home\ui\home_screen.dart:269:35 - deprecated_member_use
   info - 'withOpacity' is deprecated and shouldn't be used. Use .withValues() to avoid precision loss - lib\features\home\ui\home_screen.dart:303:31 - deprecated_member_use
   info - 'withOpacity' is deprecated and shouldn't be used. Use .withValues() to avoid precision loss - lib\features\home\ui\home_screen.dart:354:41 - deprecated_member_use
   info - 'withOpacity' is deprecated and shouldn't be used. Use .withValues() to avoid precision loss - lib\features\home\ui\home_screen.dart:366:57 - deprecated_member_use
   info - 'withOpacity' is deprecated and shouldn't be used. Use .withValues() to avoid precision loss - lib\features\home\ui\home_screen.dart:417:35 - deprecated_member_use
   info - 'withOpacity' is deprecated and shouldn't be used. Use .withValues() to avoid precision loss - lib\features\home\ui\home_screen.dart:432:51 - deprecated_member_use
   info - 'withOpacity' is deprecated and shouldn't be used. Use .withValues() to avoid precision loss - lib\features\home\ui\home_screen.dart:440:63 - deprecated_member_use
   info - 'withOpacity' is deprecated and shouldn't be used. Use .withValues() to avoid precision loss - lib\features\home\ui\home_screen.dart:446:61 - deprecated_member_use
   info - 'withOpacity' is deprecated and shouldn't be used. Use .withValues() to avoid precision loss - lib\features\home\ui\home_screen.dart:532:33 - deprecated_member_use
   info - 'withOpacity' is deprecated and shouldn't be used. Use .withValues() to avoid precision loss - lib\features\home\ui\home_screen.dart:563:54 - deprecated_member_use
   info - 'withOpacity' is deprecated and shouldn't be used. Use .withValues() to avoid precision loss - lib\features\home\ui\home_screen.dart:564:52 - deprecated_member_use
   info - 'withOpacity' is deprecated and shouldn't be used. Use .withValues() to avoid precision loss - lib\features\home\ui\home_screen.dart:633:50 - deprecated_member_use
   info - 'withOpacity' is deprecated and shouldn't be used. Use .withValues() to avoid precision loss - lib\features\home\ui\home_screen.dart:636:35 - deprecated_member_use
   info - 'withOpacity' is deprecated and shouldn't be used. Use .withValues() to avoid precision loss - lib\features\home\ui\home_screen.dart:679:56 - deprecated_member_use
   info - 'withOpacity' is deprecated and shouldn't be used. Use .withValues() to avoid precision loss - lib\features\home\ui\home_screen.dart:680:54 - deprecated_member_use
   info - 'withOpacity' is deprecated and shouldn't be used. Use .withValues() to avoid precision loss - lib\features\home\ui\home_screen.dart:751:49 - deprecated_member_use
   info - 'withOpacity' is deprecated and shouldn't be used. Use .withValues() to avoid precision loss - lib\features\home\ui\home_screen.dart:760:50 - deprecated_member_use
   info - 'withOpacity' is deprecated and shouldn't be used. Use .withValues() to avoid precision loss - lib\features\home\ui\home_screen.dart:761:48 - deprecated_member_use
   info - 'withOpacity' is deprecated and shouldn't be used. Use .withValues() to avoid precision loss - lib\features\home\ui\home_screen.dart:801:33 - deprecated_member_use
   info - 'withOpacity' is deprecated and shouldn't be used. Use .withValues() to avoid precision loss - lib\features\home\ui\home_screen.dart:918:32 - deprecated_member_use
   info - 'withOpacity' is deprecated and shouldn't be used. Use .withValues() to avoid precision loss - lib\features\home\ui\home_screen.dart:961:62 - deprecated_member_use
   info - 'withOpacity' is deprecated and shouldn't be used. Use .withValues() to avoid precision loss - lib\features\home\ui\home_screen.dart:965:33 - deprecated_member_use
   info - 'withOpacity' is deprecated and shouldn't be used. Use .withValues() to avoid precision loss - lib\features\home\ui\home_screen.dart:1009:61 - deprecated_member_use
   info - 'withOpacity' is deprecated and shouldn't be used. Use .withValues() to avoid precision loss - lib\features\home\ui\home_screen.dart:1113:43 - deprecated_member_use
   info - 'withOpacity' is deprecated and shouldn't be used. Use .withValues() to avoid precision loss - lib\features\navigation\ui\main_navigation.dart:34:35 - deprecated_member_use
   info - 'withOpacity' is deprecated and shouldn't be used. Use .withValues() to avoid precision loss - lib\features\navigation\ui\main_navigation.dart:70:44 - deprecated_member_use
   info - 'withOpacity' is deprecated and shouldn't be used. Use .withValues() to avoid precision loss - lib\features\notifications\ui\notifications_page.dart:157:30 - deprecated_member_use
   info - 'withOpacity' is deprecated and shouldn't be used. Use .withValues() to avoid precision loss - lib\features\notifications\ui\notifications_page.dart:229:45 - deprecated_member_use
   info - 'withOpacity' is deprecated and shouldn't be used. Use .withValues() to avoid precision loss - lib\features\notifications\ui\notifications_page.dart:234:48 - deprecated_member_use
   info - 'withOpacity' is deprecated and shouldn't be used. Use .withValues() to avoid precision loss - lib\features\notifications\ui\notifications_page.dart:252:40 - deprecated_member_use
   info - 'withOpacity' is deprecated and shouldn't be used. Use .withValues() to avoid precision loss - lib\features\notifications\ui\notifications_page.dart:325:44 - deprecated_member_use
   info - 'withOpacity' is deprecated and shouldn't be used. Use .withValues() to avoid precision loss - lib\features\onboarding\onboarding_screen.dart:173:33 - deprecated_member_use
   info - 'withOpacity' is deprecated and shouldn't be used. Use .withValues() to avoid precision loss - lib\features\profile\pages\about_us_page.dart:161:53 - deprecated_member_use
   info - 'withOpacity' is deprecated and shouldn't be used. Use .withValues() to avoid precision loss - lib\features\profile\pages\billing_page.dart:91:39 - deprecated_member_use
   info - 'withOpacity' is deprecated and shouldn't be used. Use .withValues() to avoid precision loss - lib\features\profile\pages\billing_page.dart:128:35 - deprecated_member_use
   info - 'withOpacity' is deprecated and shouldn't be used. Use .withValues() to avoid precision loss - lib\features\profile\pages\billing_page.dart:188:33 - deprecated_member_use
   info - 'withOpacity' is deprecated and shouldn't be used. Use .withValues() to avoid precision loss - lib\features\profile\pages\billing_page.dart:199:49 - deprecated_member_use
   info - 'withOpacity' is deprecated and shouldn't be used. Use .withValues() to avoid precision loss - lib\features\profile\pages\billing_page.dart:244:33 - deprecated_member_use
   info - 'withOpacity' is deprecated and shouldn't be used. Use .withValues() to avoid precision loss - lib\features\profile\pages\billing_page.dart:255:51 - deprecated_member_use
   info - 'withOpacity' is deprecated and shouldn't be used. Use .withValues() to avoid precision loss - lib\features\profile\pages\billing_page.dart:279:55 - deprecated_member_use
   info - 'withOpacity' is deprecated and shouldn't be used. Use .withValues() to avoid precision loss - lib\features\profile\pages\change_pin_page.dart:160:51 - deprecated_member_use
   info - 'withOpacity' is deprecated and shouldn't be used. Use .withValues() to avoid precision loss - lib\features\profile\pages\company_details_page.dart:176:33 - deprecated_member_use
   info - 'withOpacity' is deprecated and shouldn't be used. Use .withValues() to avoid precision loss - lib\features\profile\pages\contact_us_page.dart:44:57 - deprecated_member_use
   info - 'withOpacity' is deprecated and shouldn't be used. Use .withValues() to avoid precision loss - lib\features\profile\pages\contact_us_page.dart:125:61 - deprecated_member_use
   info - 'withOpacity' is deprecated and shouldn't be used. Use .withValues() to avoid precision loss - lib\features\profile\pages\contact_us_page.dart:178:61 - deprecated_member_use
   info - 'withOpacity' is deprecated and shouldn't be used. Use .withValues() to avoid precision loss - lib\features\profile\pages\contact_us_page.dart:234:51 - deprecated_member_use
   info - 'withOpacity' is deprecated and shouldn't be used. Use .withValues() to avoid precision loss - lib\features\profile\pages\edit_profile_page.dart:159:33 - deprecated_member_use
   info - 'withOpacity' is deprecated and shouldn't be used. Use .withValues() to avoid precision loss - lib\features\profile\pages\feedback_page.dart:105:57 - deprecated_member_use
   info - 'withOpacity' is deprecated and shouldn't be used. Use .withValues() to avoid precision loss - lib\features\profile\pages\feedback_page.dart:210:62 - deprecated_member_use
   info - 'withOpacity' is deprecated and shouldn't be used. Use .withValues() to avoid precision loss - lib\features\profile\pages\help_faq_page.dart:165:33 - deprecated_member_use
   info - 'withOpacity' is deprecated and shouldn't be used. Use .withValues() to avoid precision loss - lib\features\profile\pages\help_faq_page.dart:183:32 - deprecated_member_use
   info - 'withOpacity' is deprecated and shouldn't be used. Use .withValues() to avoid precision loss - lib\features\profile\pages\price_alerts_page.dart:82:49 - deprecated_member_use
   info - 'withOpacity' is deprecated and shouldn't be used. Use .withValues() to avoid precision loss - lib\features\profile\pages\price_alerts_page.dart:128:73 - deprecated_member_use
   info - 'withOpacity' is deprecated and shouldn't be used. Use .withValues() to avoid precision loss - lib\features\profile\pages\price_alerts_page.dart:131:33 - deprecated_member_use
   info - 'withOpacity' is deprecated and shouldn't be used. Use .withValues() to avoid precision loss - lib\features\profile\pages\price_alerts_page.dart:146:96 - deprecated_member_use
   info - 'withOpacity' is deprecated and shouldn't be used. Use .withValues() to avoid precision loss - lib\features\profile\pages\privacy_policy_page.dart:33:51 - deprecated_member_use
   info - 'withOpacity' is deprecated and shouldn't be used. Use .withValues() to avoid precision loss - lib\features\profile\pages\saved_items_page.dart:132:35 - deprecated_member_use
   info - 'withOpacity' is deprecated and shouldn't be used. Use .withValues() to avoid precision loss - lib\features\profile\pages\saved_items_page.dart:144:51 - deprecated_member_use
   info - 'withOpacity' is deprecated and shouldn't be used. Use .withValues() to avoid precision loss - lib\features\profile\pages\saved_items_page.dart:279:35 - deprecated_member_use
   info - 'withOpacity' is deprecated and shouldn't be used. Use .withValues() to avoid precision loss - lib\features\profile\pages\saved_items_page.dart:291:53 - deprecated_member_use
   info - 'withOpacity' is deprecated and shouldn't be used. Use .withValues() to avoid precision loss - lib\features\profile\pages\saved_items_page.dart:367:46 - deprecated_member_use
   info - 'withOpacity' is deprecated and shouldn't be used. Use .withValues() to avoid precision loss - lib\features\profile\pages\saved_items_page.dart:422:35 - deprecated_member_use
   info - 'withOpacity' is deprecated and shouldn't be used. Use .withValues() to avoid precision loss - lib\features\profile\pages\saved_items_page.dart:434:38 - deprecated_member_use
   info - 'withOpacity' is deprecated and shouldn't be used. Use .withValues() to avoid precision loss - lib\features\profile\pages\saved_items_page.dart:457:48 - deprecated_member_use
   info - 'withOpacity' is deprecated and shouldn't be used. Use .withValues() to avoid precision loss - lib\features\profile\pages\subscription_page.dart:113:39 - deprecated_member_use
   info - 'withOpacity' is deprecated and shouldn't be used. Use .withValues() to avoid precision loss - lib\features\profile\pages\subscription_page.dart:150:35 - deprecated_member_use
   info - 'withOpacity' is deprecated and shouldn't be used. Use .withValues() to avoid precision loss - lib\features\profile\pages\subscription_page.dart:188:33 - deprecated_member_use
   info - 'withOpacity' is deprecated and shouldn't be used. Use .withValues() to avoid precision loss - lib\features\profile\pages\tutorial_page.dart:176:51 - deprecated_member_use
   info - 'withOpacity' is deprecated and shouldn't be used. Use .withValues() to avoid precision loss - lib\features\profile\ui\profile_screen.dart:146:51 - deprecated_member_use
   info - 'withOpacity' is deprecated and shouldn't be used. Use .withValues() to avoid precision loss - lib\features\profile\ui\profile_screen.dart:221:53 - deprecated_member_use
   info - 'withOpacity' is deprecated and shouldn't be used. Use .withValues() to avoid precision loss - lib\features\profile\ui\profile_screen.dart:340:60 - deprecated_member_use
   info - 'withOpacity' is deprecated and shouldn't be used. Use .withValues() to avoid precision loss - lib\features\profile\ui\profile_screen_old.dart:143:51 - deprecated_member_use
   info - 'withOpacity' is deprecated and shouldn't be used. Use .withValues() to avoid precision loss - lib\features\profile\ui\profile_screen_old.dart:363:60 - deprecated_member_use
   info - 'withOpacity' is deprecated and shouldn't be used. Use .withValues() to avoid precision loss - lib\features\profile\ui\profile_screen_old.dart:409:45 - deprecated_member_use
   info - 'withOpacity' is deprecated and shouldn't be used. Use .withValues() to avoid precision loss - lib\features\saved\saved_items_page.dart:82:82 - deprecated_member_use
   info - 'withOpacity' is deprecated and shouldn't be used. Use .withValues() to avoid precision loss - lib\features\saved\saved_items_page.dart:128:35 - deprecated_member_use
   info - 'withOpacity' is deprecated and shouldn't be used. Use .withValues() to avoid precision loss - lib\features\saved\saved_items_page.dart:140:47 - deprecated_member_use
   info - 'withOpacity' is deprecated and shouldn't be used. Use .withValues() to avoid precision loss - lib\features\search\ui\search_page.dart:87:48 - deprecated_member_use
   info - 'withOpacity' is deprecated and shouldn't be used. Use .withValues() to avoid precision loss - lib\features\search\ui\search_page.dart:211:44 - deprecated_member_use
   info - 'withOpacity' is deprecated and shouldn't be used. Use .withValues() to avoid precision loss - lib\features\search\ui\search_page.dart:281:58 - deprecated_member_use
   info - 'withOpacity' is deprecated and shouldn't be used. Use .withValues() to avoid precision loss - lib\features\search\ui\search_page.dart:327:56 - deprecated_member_use
   info - 'withOpacity' is deprecated and shouldn't be used. Use .withValues() to avoid precision loss - lib\features\settings\ui\settings_screen.dart:270:45 - deprecated_member_use
   info - 'withOpacity' is deprecated and shouldn't be used. Use .withValues() to avoid precision loss - lib\features\settings\ui\settings_screen.dart:314:45 - deprecated_member_use
warning - Duplicate import - lib\features\spot_price\controller\spot_price_controller.dart:7:8 - duplicate_import
   info - The 'if' statement could be replaced by a null-aware assignment - lib\features\spot_price\controller\spot_price_controller.dart:127:7 - prefer_conditional_assignment
warning - Unused import: 'package:get/get.dart' - lib\features\spot_price\pages\aluminium\controller\aluminium_detail_controller.dart:1:8 - unused_import
warning - Unused import: 'package:get/get.dart' - lib\features\spot_price\pages\brass\controller\brass_detail_controller.dart:1:8 - unused_import
warning - Unused import: 'package:get/get.dart' - lib\features\spot_price\pages\copper\controller\copper_detail_controller.dart:1:8 - unused_import
warning - Unused import: 'package:get/get.dart' - lib\features\spot_price\pages\gun_metal\controller\gun_metal_detail_controller.dart:1:8 - unused_import
warning - Unused import: 'package:get/get.dart' - lib\features\spot_price\pages\lead\controller\lead_detail_controller.dart:1:8 - unused_import
warning - Unused import: 'package:get/get.dart' - lib\features\spot_price\pages\nickel\controller\nickel_detail_controller.dart:1:8 - unused_import
warning - Unused import: 'package:get/get.dart' - lib\features\spot_price\pages\tin\controller\tin_detail_controller.dart:1:8 - unused_import
   info - 'withOpacity' is deprecated and shouldn't be used. Use .withValues() to avoid precision loss - lib\features\spot_price\pages\widgets\all_india_prices_widget.dart:74:33 - deprecated_member_use
   info - 'withOpacity' is deprecated and shouldn't be used. Use .withValues() to avoid precision loss - lib\features\spot_price\pages\widgets\all_india_prices_widget.dart:154:41 - deprecated_member_use
   info - 'withOpacity' is deprecated and shouldn't be used. Use .withValues() to avoid precision loss - lib\features\spot_price\pages\widgets\metal_detail_template.dart:104:39 - deprecated_member_use
   info - 'withOpacity' is deprecated and shouldn't be used. Use .withValues() to avoid precision loss - lib\features\spot_price\pages\widgets\metal_detail_template.dart:132:39 - deprecated_member_use
   info - 'withOpacity' is deprecated and shouldn't be used. Use .withValues() to avoid precision loss - lib\features\spot_price\pages\widgets\metal_detail_template.dart:146:35 - deprecated_member_use
   info - 'withOpacity' is deprecated and shouldn't be used. Use .withValues() to avoid precision loss - lib\features\spot_price\pages\widgets\metal_detail_template.dart:216:43 - deprecated_member_use
   info - 'withOpacity' is deprecated and shouldn't be used. Use .withValues() to avoid precision loss - lib\features\spot_price\pages\widgets\metal_detail_template.dart:299:46 - deprecated_member_use
   info - 'withOpacity' is deprecated and shouldn't be used. Use .withValues() to avoid precision loss - lib\features\spot_price\pages\widgets\metal_detail_template.dart:303:33 - deprecated_member_use
   info - 'withOpacity' is deprecated and shouldn't be used. Use .withValues() to avoid precision loss - lib\features\spot_price\pages\widgets\metal_detail_template.dart:425:50 - deprecated_member_use
   info - 'withOpacity' is deprecated and shouldn't be used. Use .withValues() to avoid precision loss - lib\features\spot_price\pages\widgets\metal_detail_template.dart:426:48 - deprecated_member_use
   info - 'withOpacity' is deprecated and shouldn't be used. Use .withValues() to avoid precision loss - lib\features\spot_price\pages\widgets\price_chart.dart:222:33 - deprecated_member_use
   info - 'withOpacity' is deprecated and shouldn't be used. Use .withValues() to avoid precision loss - lib\features\spot_price\pages\widgets\price_chart.dart:250:41 - deprecated_member_use
   info - 'withOpacity' is deprecated and shouldn't be used. Use .withValues() to avoid precision loss - lib\features\spot_price\pages\widgets\price_chart.dart:540:36 - deprecated_member_use
   info - 'withOpacity' is deprecated and shouldn't be used. Use .withValues() to avoid precision loss - lib\features\spot_price\pages\widgets\price_chart.dart:541:36 - deprecated_member_use
warning - Unused import: 'package:get/get.dart' - lib\features\spot_price\pages\zinc\controller\zinc_detail_controller.dart:1:8 - unused_import
   info - 'withOpacity' is deprecated and shouldn't be used. Use .withValues() to avoid precision loss - lib\features\spot_price\ui\spot_price_screen.dart:468:37 - deprecated_member_use
   info - 'withOpacity' is deprecated and shouldn't be used. Use .withValues() to avoid precision loss - lib\features\spot_price\ui\spot_price_screen.dart:480:54 - deprecated_member_use
   info - 'withOpacity' is deprecated and shouldn't be used. Use .withValues() to avoid precision loss - lib\features\spot_price\ui\spot_price_screen.dart:601:32 - deprecated_member_use
   info - 'withOpacity' is deprecated and shouldn't be used. Use .withValues() to avoid precision loss - lib\features\spot_price\ui\spot_price_screen.dart:602:31 - deprecated_member_use
   info - 'withOpacity' is deprecated and shouldn't be used. Use .withValues() to avoid precision loss - lib\features\spot_price\ui\spot_price_screen.dart:606:35 - deprecated_member_use
   info - 'withOpacity' is deprecated and shouldn't be used. Use .withValues() to avoid precision loss - lib\features\spot_price\ui\spot_price_screen.dart:661:52 - deprecated_member_use
   info - 'withOpacity' is deprecated and shouldn't be used. Use .withValues() to avoid precision loss - lib\features\spot_price\ui\spot_price_screen.dart:662:51 - deprecated_member_use
   info - 'withOpacity' is deprecated and shouldn't be used. Use .withValues() to avoid precision loss - lib\features\spot_price\ui\spot_price_screen.dart:698:60 - deprecated_member_use
   info - 'withOpacity' is deprecated and shouldn't be used. Use .withValues() to avoid precision loss - lib\features\spot_price\ui\spot_price_screen.dart:699:58 - deprecated_member_use
warning - The declaration '_showAddToWatchlistDialog' isn't referenced - lib\features\spot_price\ui\spot_price_screen.dart:768:8 - unused_element
   info - 'withOpacity' is deprecated and shouldn't be used. Use .withValues() to avoid precision loss - lib\features\watchlist\ui\watchlist_screen.dart:115:65 - deprecated_member_use
   info - 'withOpacity' is deprecated and shouldn't be used. Use .withValues() to avoid precision loss - lib\features\watchlist\ui\watchlist_screen.dart:210:48 - deprecated_member_use
   info - 'withOpacity' is deprecated and shouldn't be used. Use .withValues() to avoid precision loss - lib\features\watchlist\ui\watchlist_screen.dart:214:35 - deprecated_member_use
   info - 'withOpacity' is deprecated and shouldn't be used. Use .withValues() to avoid precision loss - lib\features\watchlist\ui\watchlist_screen.dart:228:70 - deprecated_member_use
   info - 'withOpacity' is deprecated and shouldn't be used. Use .withValues() to avoid precision loss - lib\features\watchlist\ui\watchlist_screen.dart:272:80 - deprecated_member_use
   info - 'withOpacity' is deprecated and shouldn't be used. Use .withValues() to avoid precision loss - lib\features\watchlist\ui\watchlist_screen.dart:335:56 - deprecated_member_use
   info - 'withOpacity' is deprecated and shouldn't be used. Use .withValues() to avoid precision loss - lib\features\watchlist\ui\watchlist_screen.dart:336:54 - deprecated_member_use
   info - 'withOpacity' is deprecated and shouldn't be used. Use .withValues() to avoid precision loss - lib\features\watchlist\ui\watchlist_screen.dart:369:55 - deprecated_member_use
   info - 'withOpacity' is deprecated and shouldn't be used. Use .withValues() to avoid precision loss - lib\features\watchlist\ui\watchlist_screen.dart:372:57 - deprecated_member_use
   info - 'withOpacity' is deprecated and shouldn't be used. Use .withValues() to avoid precision loss - lib\features\watchlist\ui\watchlist_screen.dart:424:37 - deprecated_member_use
   info - 'withOpacity' is deprecated and shouldn't be used. Use .withValues() to avoid precision loss - lib\features\watchlist\ui\watchlist_screen.dart:513:70 - deprecated_member_use
   info - 'withOpacity' is deprecated and shouldn't be used. Use .withValues() to avoid precision loss - lib\shared\widgets\buttons\primary_button.dart:39:64 - deprecated_member_use
   info - 'withOpacity' is deprecated and shouldn't be used. Use .withValues() to avoid precision loss - lib\shared\widgets\buttons\primary_button.dart:40:49 - deprecated_member_use
   info - 'withOpacity' is deprecated and shouldn't be used. Use .withValues() to avoid precision loss - lib\shared\widgets\buttons\primary_button.dart:107:47 - deprecated_member_use
   info - Constructors in '@immutable' classes should be declared as 'const' - lib\shared\widgets\common\empty_state.dart:13:3 - prefer_const_constructors_in_immutables
   info - 'withOpacity' is deprecated and shouldn't be used. Use .withValues() to avoid precision loss - lib\shared\widgets\common\empty_state.dart:41:52 - deprecated_member_use
   info - 'withOpacity' is deprecated and shouldn't be used. Use .withValues() to avoid precision loss - lib\shared\widgets\common\empty_state.dart:103:50 - deprecated_member_use
   info - 'withOpacity' is deprecated and shouldn't be used. Use .withValues() to avoid precision loss - lib\shared\widgets\common\empty_state.dart:161:53 - deprecated_member_use
warning - Unused import: 'package:get/get.dart' - lib\shared\widgets\filter\filter_bottom_sheet.dart:2:8 - unused_import
   info - Unnecessary use of 'toList' in a spread - lib\shared\widgets\filter\filter_bottom_sheet.dart:392:12 - unnecessary_to_list_in_spreads
   info - Don't invoke 'print' in production code - lib\shared\widgets\filter\filter_sort_integration_example.dart:159:7 - avoid_print
   info - Don't invoke 'print' in production code - lib\shared\widgets\filter\filter_sort_integration_example.dart:175:7 - avoid_print
warning - Unused import: 'package:get/get.dart' - lib\shared\widgets\filter\sort_bottom_sheet.dart:2:8 - unused_import
   info - 'withOpacity' is deprecated and shouldn't be used. Use .withValues() to avoid precision loss - lib\shared\widgets\filter\sort_bottom_sheet.dart:187:54 - deprecated_member_use
   info - 'withOpacity' is deprecated and shouldn't be used. Use .withValues() to avoid precision loss - lib\shared\widgets\inputs\custom_text_field.dart:94:50 - deprecated_member_use
   info - 'withOpacity' is deprecated and shouldn't be used. Use .withValues() to avoid precision loss - lib\shared\widgets\inputs\custom_text_field.dart:124:51 - deprecated_member_use
  error - The argument type 'WebResourceErrorType?' can't be assigned to the parameter type 'WebResourceErrorType'.  - lib\shared\widgets\webview\enhanced_webview.dart:88:39 - argument_type_not_assignable

flutter : 310 issues found. 
(ran in 18.3s)
At line:1 char:1
+ flutter analyze 2>&1 | 
Out-File -FilePath 
"build_errors.txt" -Encodin 
...
+ ~~~~~~~~~~~~~~~~~~~~
    + CategoryInfo          
    : NotSpecified: (310 i  
  ssues found. (ran in 18   
 .3s):String) [], Remote    
Exception
    + FullyQualifiedErrorId 
    : NativeCommandError
 
